100000000010000000001000000000100000000010000000001000000000010000000001000000000100000000010000000001000000000100000000001000000000100000000010000000001000000000100000000010000000001000000000100000000010000000001000000000100000000010000000000100000000010000000001000000000100000000010000000001000000000100000000010000000001000000000              0 | 000000 | INF INF INF INF INF INF 
              1 | 000001 |   0 INF INF INF INF INF 
              2 | 000010 | INF   0 INF INF INF INF 
              3 | 000011 | INF INF INF INF INF INF 
              4 | 000100 | INF INF   0 INF INF INF 
              5 | 000101 | INF INF INF INF INF INF 
              6 | 000110 | INF INF INF INF INF INF 
              7 | 000111 | INF INF INF INF INF INF 
              8 | 001000 | INF INF INF   0 INF INF 
              9 | 001001 | INF INF INF INF INF INF 
             10 | 001010 | INF INF INF INF INF INF 
             11 | 001011 | INF INF INF INF INF INF 
             12 | 001100 | INF INF INF INF INF INF 
             13 | 001101 | INF INF INF INF INF INF 
             14 | 001110 | INF INF INF INF INF INF 
             15 | 001111 | INF INF INF INF INF INF 
             16 | 010000 | INF INF INF INF   0 INF 
             17 | 010001 | INF INF INF INF INF INF 
             18 | 010010 | INF INF INF INF INF INF 
             19 | 010011 | INF INF INF INF INF INF 
             20 | 010100 | INF INF INF INF INF INF 
             21 | 010101 | INF INF INF INF INF INF 
             22 | 010110 | INF INF INF INF INF INF 
             23 | 010111 | INF INF INF INF INF INF 
             24 | 011000 | INF INF INF INF INF INF 
             25 | 011001 | INF INF INF INF INF INF 
             26 | 011010 | INF INF INF INF INF INF 
             27 | 011011 | INF INF INF INF INF INF 
             28 | 011100 | INF INF INF INF INF INF 
             29 | 011101 | INF INF INF INF INF INF 
             30 | 011110 | INF INF INF INF INF INF 
             31 | 011111 | INF INF INF INF INF INF 
             32 | 100000 | INF INF INF INF INF   0 
             33 | 100001 | INF INF INF INF INF INF 
             34 | 100010 | INF INF INF INF INF INF 
             35 | 100011 | INF INF INF INF INF INF 
             36 | 100100 | INF INF INF INF INF INF 
             37 | 100101 | INF INF INF INF INF INF 
             38 | 100110 | INF INF INF INF INF INF 
             39 | 100111 | INF INF INF INF INF INF 
             40 | 101000 | INF INF INF INF INF INF 
             41 | 101001 | INF INF INF INF INF INF 
             42 | 101010 | INF INF INF INF INF INF 
             43 | 101011 | INF INF INF INF INF INF 
             44 | 101100 | INF INF INF INF INF INF 
             45 | 101101 | INF INF INF INF INF INF 
             46 | 101110 | INF INF INF INF INF INF 
             47 | 101111 | INF INF INF INF INF INF 
             48 | 110000 | INF INF INF INF INF INF 
             49 | 110001 | INF INF INF INF INF INF 
             50 | 110010 | INF INF INF INF INF INF 
             51 | 110011 | INF INF INF INF INF INF 
             52 | 110100 | INF INF INF INF INF INF 
             53 | 110101 | INF INF INF INF INF INF 
             54 | 110110 | INF INF INF INF INF INF 
             55 | 110111 | INF INF INF INF INF INF 
             56 | 111000 | INF INF INF INF INF INF 
             57 | 111001 | INF INF INF INF INF INF 
             58 | 111010 | INF INF INF INF INF INF 
             59 | 111011 | INF INF INF INF INF INF 
             60 | 111100 | INF INF INF INF INF INF 
             61 | 111101 | INF INF INF INF INF INF 
             62 | 111110 | INF INF INF INF INF INF 
             63 | 111111 | INF INF INF INF INF INF 
